Fatal error: exception Melange_json.Of_json_error(Json_error {|did not expect field "wrong" but got {"wrong": _, "snd:": _}|})
